// Jest Snapshot v1, https://goo.gl/fbAQLP

exports[`<Form> component should render component Form 1`] = `
<ForwardRef(AutoComplete)
  allowClear={true}
  onChange={[Function]}
  onSearch={[Function]}
  onSelect={[Function]}
  options={Array []}
  placeholder="Введите адрес"
  style={
    Object {
      "width": "100%",
    }
  }
  value=""
/>
`;
