// Jest Snapshot v1, https://goo.gl/fbAQLP

exports[`<Layout> component Should render component Layout 1`] = `
<div
  className="layout"
>
  <div
    className="layout__panel"
  >
    <Form
      getVariants={[Function]}
      onSubmit={[Function]}
    />
    <List />
  </div>
  <div
    className="layout__panel"
  >
    <PointsMap />
  </div>
</div>
`;
